2025-11-23 13:44:02,177 [INFO] Starting Liveness service on 0.0.0.0:7700
2025-11-23 13:45:12,425 [INFO] Incoming request: start-liveness model=E:\Liveness-Detection-main\Liveness-Detection-main\Model (Using Dataset 600 Images)\model.h5 camera=0 timeout=60 show_window=True
2025-11-23 13:45:12,425 [INFO] Loading CNN liveliness model from: E:\Liveness-Detection-main\Liveness-Detection-main\Model (Using Dataset 600 Images)\model.h5
2025-11-23 13:45:12,908 [WARNING] Compiled the loaded model, but the compiled metrics have yet to be built. `model.compile_metrics` will be empty until you train or evaluate the model.
2025-11-23 13:45:12,922 [WARNING] Error in loading the saved optimizer state. As a result, your model is starting with a freshly initialized optimizer.
2025-11-23 13:45:12,925 [INFO] Model loaded.
2025-11-23 13:45:13,330 [INFO] CNN warmup done.
2025-11-23 13:45:13,331 [INFO] Preloading DeepFace Facenet model...
2025-11-23 13:45:19,506 [INFO] DeepFace preloaded.
2025-11-23 13:45:19,509 [INFO] Embedding worker started.
2025-11-23 13:45:22,052 [INFO] Starting capture loop on camera 0
2025-11-23 13:45:26,331 [INFO] Stabilization complete — sequence: ['BLINK', 'TURN_LEFT', 'SAY_HELLO', 'TURN_RIGHT', 'SMILE', 'DONE'] (nonce=f369d5e6aa7133e5)
2025-11-23 13:45:26,562 [INFO] Say 'HELLO' challenge confirmed.
2025-11-23 13:45:26,913 [INFO] Smile challenge confirmed.
2025-11-23 13:45:27,411 [INFO] Blink challenge confirmed.
2025-11-23 13:45:27,738 [INFO] Turn-right challenge confirmed.
2025-11-23 13:45:41,160 [INFO] Turn-left challenge confirmed.
2025-11-23 13:45:41,161 [INFO] FINAL VERDICT: Live Verified
2025-11-23 13:45:46,137 [INFO] Saved live image: live_captures\live_20251123_081542.jpg
2025-11-23 13:45:46,138 [INFO] Saved template embedding: embeddings\embed_20251123_081542.npy
2025-11-23 13:45:46,139 [INFO] Saved metadata: embeddings\meta_20251123_081542.json
2025-11-23 13:45:46,140 [INFO] Embedding SHA256 (salted): c190cbba60e720e5dd4d3f5a7ce611a8383545f4e6021b41c09dde802fa822b5
2025-11-23 13:45:46,220 [INFO] Stopping capture loop due to final verdict.
2025-11-23 13:45:46,574 [INFO] Capture loop stopped.
2025-11-23 13:45:46,576 [INFO] Shutdown requested.
2025-11-23 13:45:46,591 [INFO] [embed-worker] Exiting.
2025-11-23 13:45:46,592 [INFO] Shutdown complete.
2025-11-23 13:46:01,821 [INFO] Incoming request: start-liveness model=E:\Liveness-Detection-main\Liveness-Detection-main\Model (Using Dataset 600 Images)\model.h5 camera=0 timeout=60 show_window=True
2025-11-23 13:46:01,822 [INFO] Loading CNN liveliness model from: E:\Liveness-Detection-main\Liveness-Detection-main\Model (Using Dataset 600 Images)\model.h5
2025-11-23 13:46:02,133 [WARNING] Compiled the loaded model, but the compiled metrics have yet to be built. `model.compile_metrics` will be empty until you train or evaluate the model.
2025-11-23 13:46:02,146 [WARNING] Error in loading the saved optimizer state. As a result, your model is starting with a freshly initialized optimizer.
2025-11-23 13:46:02,148 [INFO] Model loaded.
2025-11-23 13:46:02,539 [INFO] CNN warmup done.
2025-11-23 13:46:02,540 [INFO] Preloading DeepFace Facenet model...
2025-11-23 13:46:02,540 [INFO] DeepFace preloaded.
2025-11-23 13:46:02,542 [INFO] Embedding worker started.
2025-11-23 13:46:03,814 [INFO] Starting capture loop on camera 0
2025-11-23 13:46:10,439 [INFO] Stabilization complete — sequence: ['BLINK', 'SMILE', 'SAY_HELLO', 'TURN_LEFT', 'TURN_RIGHT', 'DONE'] (nonce=a8b461d8666ad5e3)
2025-11-23 13:46:10,896 [INFO] Say 'HELLO' challenge confirmed.
2025-11-23 13:46:11,485 [INFO] Smile challenge confirmed.
2025-11-23 13:46:13,985 [INFO] Blink challenge confirmed.
2025-11-23 13:46:24,434 [INFO] Turn-right challenge confirmed.
2025-11-23 13:46:35,091 [WARNING] Final Verdict (immediate DONE): Spoof Detected
2025-11-23 13:46:35,093 [INFO] Stopping capture loop due to DONE -> Spoof.
2025-11-23 13:46:35,149 [INFO] [embed-worker] Exiting.
2025-11-23 13:46:36,549 [INFO] Capture loop stopped.
2025-11-23 13:46:36,555 [INFO] Shutdown requested.
2025-11-23 13:46:36,556 [INFO] Shutdown complete.
2025-11-23 13:47:51,293 [INFO] Incoming request: start-liveness model=E:\Liveness-Detection-main\Liveness-Detection-main\Model (Using Dataset 600 Images)\model.h5 camera=0 timeout=60 show_window=True
2025-11-23 13:47:51,294 [INFO] Loading CNN liveliness model from: E:\Liveness-Detection-main\Liveness-Detection-main\Model (Using Dataset 600 Images)\model.h5
2025-11-23 13:47:51,642 [WARNING] Compiled the loaded model, but the compiled metrics have yet to be built. `model.compile_metrics` will be empty until you train or evaluate the model.
2025-11-23 13:47:51,655 [WARNING] Error in loading the saved optimizer state. As a result, your model is starting with a freshly initialized optimizer.
2025-11-23 13:47:51,658 [INFO] Model loaded.
2025-11-23 13:47:52,115 [INFO] CNN warmup done.
2025-11-23 13:47:52,117 [INFO] Preloading DeepFace Facenet model...
2025-11-23 13:47:52,117 [INFO] DeepFace preloaded.
2025-11-23 13:47:52,121 [INFO] Embedding worker started.
2025-11-23 13:47:53,967 [INFO] Starting capture loop on camera 0
2025-11-23 13:47:58,228 [INFO] Stabilization complete — sequence: ['SMILE', 'BLINK', 'SAY_HELLO', 'TURN_LEFT', 'TURN_RIGHT', 'DONE'] (nonce=bf6d33de33d147ad)
2025-11-23 13:47:58,653 [INFO] Say 'HELLO' challenge confirmed.
2025-11-23 13:47:59,322 [INFO] Smile challenge confirmed.
2025-11-23 13:48:00,790 [INFO] Turn-right challenge confirmed.
2025-11-23 13:48:07,550 [INFO] Blink challenge confirmed.
2025-11-23 13:48:18,830 [INFO] Turn-left challenge confirmed.
2025-11-23 13:48:18,831 [INFO] FINAL VERDICT: Live Verified
2025-11-23 13:48:23,382 [INFO] Saved live image: live_captures\live_20251123_081819.jpg
2025-11-23 13:48:23,383 [INFO] Saved template embedding: embeddings\embed_20251123_081819.npy
2025-11-23 13:48:23,384 [INFO] Saved metadata: embeddings\meta_20251123_081819.json
2025-11-23 13:48:23,385 [INFO] Embedding SHA256 (salted): dbcfe6961580a030decb4a9442a6a2caa2b9ea31e2027417f7864fbe4c27a574
2025-11-23 13:48:23,425 [INFO] Stopping capture loop due to final verdict.
2025-11-23 13:48:23,674 [INFO] [embed-worker] Exiting.
2025-11-23 13:48:23,794 [INFO] Capture loop stopped.
2025-11-23 13:48:23,796 [INFO] Shutdown requested.
2025-11-23 13:48:23,797 [INFO] Shutdown complete.
