2025-11-23 02:40:02,943 [INFO] Starting Liveness service on 0.0.0.0:7700
2025-11-23 02:40:09,376 [INFO] Incoming request: start-liveness model=E:\Liveness-Detection-main\Liveness-Detection-main\Model (Using Dataset 600 Images)\model.h5 camera=0 timeout=60 show_window=True
2025-11-23 02:40:09,376 [INFO] Loading CNN liveliness model from: E:\Liveness-Detection-main\Liveness-Detection-main\Model (Using Dataset 600 Images)\model.h5
2025-11-23 02:40:09,893 [WARNING] Compiled the loaded model, but the compiled metrics have yet to be built. `model.compile_metrics` will be empty until you train or evaluate the model.
2025-11-23 02:40:09,893 [WARNING] Error in loading the saved optimizer state. As a result, your model is starting with a freshly initialized optimizer.
2025-11-23 02:40:09,906 [INFO] Model loaded.
2025-11-23 02:40:10,358 [INFO] CNN warmup done.
2025-11-23 02:40:10,358 [INFO] Preloading DeepFace Facenet model...
2025-11-23 02:40:16,730 [INFO] DeepFace preloaded.
2025-11-23 02:40:16,730 [INFO] Embedding worker started.
2025-11-23 02:40:19,433 [INFO] Starting capture loop on camera 0
2025-11-23 02:40:22,059 [INFO] Stabilization complete — sequence: ['SMILE', 'TURN_RIGHT', 'BLINK', 'TURN_LEFT', 'SAY_HELLO', 'DONE'] (nonce=c5decc2383b44b4c)
2025-11-23 02:40:22,375 [INFO] Say 'HELLO' challenge confirmed.
2025-11-23 02:40:22,979 [INFO] Smile challenge confirmed.
2025-11-23 02:40:23,250 [INFO] Turn-right challenge confirmed.
2025-11-23 02:40:36,248 [INFO] Turn-left challenge confirmed.
2025-11-23 02:40:46,336 [WARNING] Final Verdict (immediate DONE): Spoof Detected
2025-11-23 02:40:46,336 [INFO] Stopping capture loop due to DONE -> Spoof.
2025-11-23 02:40:46,620 [INFO] [embed-worker] Exiting.
2025-11-23 02:40:47,478 [INFO] Capture loop stopped.
2025-11-23 02:40:47,481 [INFO] Shutdown requested.
2025-11-23 02:40:47,481 [INFO] Shutdown complete.
2025-11-23 02:41:42,004 [INFO] Incoming request: start-liveness model=E:\Liveness-Detection-main\Liveness-Detection-main\Model (Using Dataset 600 Images)\model.h5 camera=0 timeout=60 show_window=True
2025-11-23 02:41:42,004 [INFO] Loading CNN liveliness model from: E:\Liveness-Detection-main\Liveness-Detection-main\Model (Using Dataset 600 Images)\model.h5
2025-11-23 02:41:42,481 [WARNING] Compiled the loaded model, but the compiled metrics have yet to be built. `model.compile_metrics` will be empty until you train or evaluate the model.
2025-11-23 02:41:42,494 [WARNING] Error in loading the saved optimizer state. As a result, your model is starting with a freshly initialized optimizer.
2025-11-23 02:41:42,494 [INFO] Model loaded.
2025-11-23 02:41:42,920 [INFO] CNN warmup done.
2025-11-23 02:41:42,920 [INFO] Preloading DeepFace Facenet model...
2025-11-23 02:41:42,920 [INFO] DeepFace preloaded.
2025-11-23 02:41:42,920 [INFO] Embedding worker started.
2025-11-23 02:41:45,031 [INFO] Starting capture loop on camera 0
2025-11-23 02:41:47,597 [INFO] Stabilization complete — sequence: ['BLINK', 'TURN_RIGHT', 'SAY_HELLO', 'TURN_LEFT', 'SMILE', 'DONE'] (nonce=7cdb80d4cf1a1dfb)
2025-11-23 02:41:47,902 [INFO] Say 'HELLO' challenge confirmed.
2025-11-23 02:41:48,566 [INFO] Smile challenge confirmed.
2025-11-23 02:41:52,295 [INFO] Turn-left challenge confirmed.
2025-11-23 02:42:02,709 [INFO] Turn-right challenge confirmed.
2025-11-23 02:42:12,737 [WARNING] Final Verdict (immediate DONE): Spoof Detected
2025-11-23 02:42:12,737 [INFO] Stopping capture loop due to DONE -> Spoof.
2025-11-23 02:42:12,887 [INFO] [embed-worker] Exiting.
2025-11-23 02:42:13,990 [INFO] Capture loop stopped.
2025-11-23 02:42:13,994 [INFO] Shutdown requested.
2025-11-23 02:42:13,995 [INFO] Shutdown complete.
