2025-12-02 16:13:07,146 [INFO] Starting Liveness service on 0.0.0.0:7700
2025-12-02 16:13:11,867 [INFO] Incoming request: start-liveness model=E:\Liveness-Detection-main\Liveness-Detection-main\Model (Using Dataset 600 Images)\model.h5 camera=0 timeout=60 show_window=True
2025-12-02 16:13:11,867 [INFO] Loading CNN liveliness model from: E:\Liveness-Detection-main\Liveness-Detection-main\Model (Using Dataset 600 Images)\model.h5
2025-12-02 16:13:12,050 [WARNING] Compiled the loaded model, but the compiled metrics have yet to be built. `model.compile_metrics` will be empty until you train or evaluate the model.
2025-12-02 16:13:12,054 [WARNING] Error in loading the saved optimizer state. As a result, your model is starting with a freshly initialized optimizer.
2025-12-02 16:13:12,054 [INFO] Model loaded.
2025-12-02 16:13:12,183 [INFO] CNN warmup done.
2025-12-02 16:13:12,183 [INFO] Preloading DeepFace Facenet model...
2025-12-02 16:13:14,016 [INFO] DeepFace preloaded.
2025-12-02 16:13:14,016 [INFO] Embedding worker started.
2025-12-02 16:13:15,035 [INFO] Starting capture loop on camera 0
2025-12-02 16:13:19,274 [INFO] Stabilization complete — sequence: ['BLINK', 'TURN_LEFT', 'TURN_RIGHT', 'SMILE', 'SAY_HELLO', 'DONE'] (nonce=5e6b67b34843ea66)
2025-12-02 16:13:19,590 [INFO] Say 'HELLO' challenge confirmed.
2025-12-02 16:13:20,173 [INFO] Smile challenge confirmed.
2025-12-02 16:13:20,957 [INFO] Turn-right challenge confirmed.
2025-12-02 16:13:24,556 [INFO] Turn-left challenge confirmed.
2025-12-02 16:13:43,786 [WARNING] Final Verdict (immediate DONE): Spoof Detected
2025-12-02 16:13:43,788 [INFO] Stopping capture loop due to DONE -> Spoof.
2025-12-02 16:13:43,944 [INFO] [embed-worker] Exiting.
2025-12-02 16:13:44,184 [INFO] Capture loop stopped.
2025-12-02 16:13:44,197 [INFO] Shutdown requested.
2025-12-02 16:13:44,197 [INFO] Shutdown complete.
