2025-11-23 13:40:07,643 [INFO] Starting Liveness service on 0.0.0.0:7700
2025-11-23 13:40:12,824 [ERROR] Error verifying embeddings:
Traceback (most recent call last):
  File "E:\Liveness-Detection-main\Liveness-Detection-main\Model (Using Dataset 600 Images)\backend\liveness_service.py", line 163, in verify_embeddings
    return JSONResponse(status_code=200, content=response)
  File "E:\Liveness-Detection-main\Liveness-Detection-main\liveness_venv\lib\site-packages\starlette\responses.py", line 189, in __init__
    super().__init__(content, status_code, headers, media_type, background)
  File "E:\Liveness-Detection-main\Liveness-Detection-main\liveness_venv\lib\site-packages\starlette\responses.py", line 46, in __init__
    self.body = self.render(content)
  File "E:\Liveness-Detection-main\Liveness-Detection-main\liveness_venv\lib\site-packages\starlette\responses.py", line 192, in render
    return json.dumps(
  File "C:\Users\itzmk\AppData\Local\Programs\Python\Python310\lib\json\__init__.py", line 238, in dumps
    **kw).encode(obj)
  File "C:\Users\itzmk\AppData\Local\Programs\Python\Python310\lib\json\encoder.py", line 199, in encode
    chunks = self.iterencode(o, _one_shot=True)
  File "C:\Users\itzmk\AppData\Local\Programs\Python\Python310\lib\json\encoder.py", line 257, in iterencode
    return _iterencode(o, 0)
  File "C:\Users\itzmk\AppData\Local\Programs\Python\Python310\lib\json\encoder.py", line 179, in default
    raise TypeError(f'Object of type {o.__class__.__name__} '
TypeError: Object of type float32 is not JSON serializable
