2025-11-23 01:59:59,876 [INFO] Loading CNN liveliness model from: E:\Liveness-Detection-main\Liveness-Detection-main\Model (Using Dataset 600 Images)\model.h5
2025-11-23 02:00:00,162 [WARNING] Compiled the loaded model, but the compiled metrics have yet to be built. `model.compile_metrics` will be empty until you train or evaluate the model.
2025-11-23 02:00:00,165 [WARNING] Error in loading the saved optimizer state. As a result, your model is starting with a freshly initialized optimizer.
2025-11-23 02:00:00,167 [INFO] Model loaded.
2025-11-23 02:00:00,355 [INFO] CNN warmup done.
2025-11-23 02:00:00,355 [INFO] Preloading DeepFace Facenet model...
2025-11-23 02:00:02,048 [INFO] DeepFace preloaded.
2025-11-23 02:00:02,048 [INFO] Embedding worker started.
2025-11-23 02:00:03,050 [INFO] Starting capture loop on camera 0
2025-11-23 02:00:07,019 [INFO] Stabilization complete — sequence: ['SAY_HELLO', 'SMILE', 'TURN_LEFT', 'BLINK', 'TURN_RIGHT', 'DONE'] (nonce=44ef39a0bb973a77)
2025-11-23 02:00:07,915 [INFO] Smile challenge confirmed.
2025-11-23 02:00:09,786 [INFO] Say 'HELLO' challenge confirmed.
2025-11-23 02:00:11,372 [INFO] Turn-right challenge confirmed.
2025-11-23 02:00:14,772 [INFO] Turn-left challenge confirmed.
2025-11-23 02:00:34,867 [INFO] Blink challenge confirmed.
2025-11-23 02:00:34,867 [INFO] FINAL VERDICT: Live Verified
2025-11-23 02:00:38,744 [INFO] Saved live image: live_captures\live_20251122_203035.jpg
2025-11-23 02:00:38,744 [INFO] Saved template embedding: embeddings\embed_20251122_203035.npy
2025-11-23 02:00:38,745 [INFO] Saved metadata: embeddings\meta_20251122_203035.json
2025-11-23 02:00:38,745 [INFO] Embedding SHA256 (salted): 2a0ebf1b25c49215ca0610edf5b49c638ba2abf5cfefb2705c7cba94770b2ba5
2025-11-23 02:00:38,747 [INFO] Stopping capture loop due to final verdict.
2025-11-23 02:00:39,074 [INFO] Capture loop stopped.
2025-11-23 02:00:39,076 [INFO] Shutdown requested.
2025-11-23 02:00:39,171 [INFO] [embed-worker] Exiting.
2025-11-23 02:00:39,177 [INFO] Shutdown complete.
