2025-12-01 20:23:45,259 [INFO] Starting Liveness service on 0.0.0.0:7700
2025-12-01 20:52:31,419 [INFO] Incoming request: start-liveness model=E:\Liveness-Detection-main\Liveness-Detection-main\Model (Using Dataset 600 Images)\model.h5 camera=0 timeout=60 show_window=True
2025-12-01 20:52:31,424 [INFO] Loading CNN liveliness model from: E:\Liveness-Detection-main\Liveness-Detection-main\Model (Using Dataset 600 Images)\model.h5
2025-12-01 20:52:32,362 [WARNING] Compiled the loaded model, but the compiled metrics have yet to be built. `model.compile_metrics` will be empty until you train or evaluate the model.
2025-12-01 20:52:32,400 [WARNING] Error in loading the saved optimizer state. As a result, your model is starting with a freshly initialized optimizer.
2025-12-01 20:52:32,404 [INFO] Model loaded.
2025-12-01 20:52:33,487 [INFO] CNN warmup done.
2025-12-01 20:52:33,494 [INFO] Preloading DeepFace Facenet model...
2025-12-01 20:52:40,178 [INFO] DeepFace preloaded.
2025-12-01 20:52:40,179 [INFO] Embedding worker started.
2025-12-01 20:52:43,177 [INFO] Starting capture loop on camera 0
2025-12-01 20:52:52,331 [INFO] Stabilization complete — sequence: ['BLINK', 'TURN_LEFT', 'TURN_RIGHT', 'SMILE', 'SAY_HELLO', 'DONE'] (nonce=f9ade5adbe1cb62a)
2025-12-01 20:52:52,761 [INFO] Say 'HELLO' challenge confirmed.
2025-12-01 20:52:53,258 [INFO] Smile challenge confirmed.
2025-12-01 20:52:53,708 [INFO] Turn-left challenge confirmed.
2025-12-01 20:52:57,996 [INFO] Turn-right challenge confirmed.
2025-12-01 20:53:06,662 [INFO] Blink challenge confirmed.
2025-12-01 20:53:06,662 [INFO] FINAL VERDICT: Live Verified
2025-12-01 20:53:11,196 [INFO] Saved live image: live_captures\live_20251201_152306.jpg
2025-12-01 20:53:11,201 [INFO] Saved template embedding: embeddings\embed_20251201_152306.npy
2025-12-01 20:53:11,202 [INFO] Saved metadata: embeddings\meta_20251201_152306.json
2025-12-01 20:53:11,202 [INFO] Embedding SHA256 (salted): e2b446c23f65929fd1e7368bc086b5a6cbd8700be16b25129e9784584cd6e2fb
2025-12-01 20:53:11,246 [INFO] Stopping capture loop due to final verdict.
2025-12-01 20:53:11,346 [INFO] [embed-worker] Exiting.
2025-12-01 20:53:11,689 [INFO] Capture loop stopped.
2025-12-01 20:53:11,689 [INFO] Shutdown requested.
2025-12-01 20:53:11,689 [INFO] Shutdown complete.
2025-12-01 21:23:03,660 [INFO] Incoming request: start-liveness model=E:\Liveness-Detection-main\Liveness-Detection-main\Model (Using Dataset 600 Images)\model.h5 camera=0 timeout=60 show_window=True
2025-12-01 21:23:03,672 [INFO] Loading CNN liveliness model from: E:\Liveness-Detection-main\Liveness-Detection-main\Model (Using Dataset 600 Images)\model.h5
2025-12-01 21:23:04,409 [WARNING] Compiled the loaded model, but the compiled metrics have yet to be built. `model.compile_metrics` will be empty until you train or evaluate the model.
2025-12-01 21:23:04,433 [WARNING] Error in loading the saved optimizer state. As a result, your model is starting with a freshly initialized optimizer.
2025-12-01 21:23:04,436 [INFO] Model loaded.
2025-12-01 21:23:05,072 [INFO] CNN warmup done.
2025-12-01 21:23:05,074 [INFO] Preloading DeepFace Facenet model...
2025-12-01 21:23:05,076 [INFO] DeepFace preloaded.
2025-12-01 21:23:05,081 [INFO] Embedding worker started.
2025-12-01 21:23:07,546 [INFO] Starting capture loop on camera 0
2025-12-01 21:23:11,839 [INFO] Stabilization complete — sequence: ['BLINK', 'TURN_LEFT', 'TURN_RIGHT', 'SMILE', 'SAY_HELLO', 'DONE'] (nonce=d7ae38c40bf44fd2)
2025-12-01 21:23:12,325 [INFO] Say 'HELLO' challenge confirmed.
2025-12-01 21:23:12,829 [INFO] Smile challenge confirmed.
2025-12-01 21:23:13,237 [INFO] Turn-right challenge confirmed.
2025-12-01 21:23:19,363 [INFO] Blink challenge confirmed.
2025-12-01 21:23:21,108 [INFO] Turn-left challenge confirmed.
2025-12-01 21:23:21,109 [INFO] FINAL VERDICT: Live Verified
2025-12-01 21:23:25,261 [INFO] Saved live image: live_captures\live_20251201_155321.jpg
2025-12-01 21:23:25,261 [INFO] Saved template embedding: embeddings\embed_20251201_155321.npy
2025-12-01 21:23:25,269 [INFO] Saved metadata: embeddings\meta_20251201_155321.json
2025-12-01 21:23:25,271 [INFO] Embedding SHA256 (salted): d24f23b2cdd26eec4906f4d579d1a1fc1069e80ed215d1ba63d673e9648470b1
2025-12-01 21:23:25,393 [INFO] Stopping capture loop due to final verdict.
2025-12-01 21:23:25,793 [INFO] [embed-worker] Exiting.
2025-12-01 21:23:25,804 [INFO] Capture loop stopped.
2025-12-01 21:23:25,809 [INFO] Shutdown requested.
2025-12-01 21:23:25,811 [INFO] Shutdown complete.
2025-12-01 21:31:20,683 [INFO] Incoming request: start-liveness model=E:\Liveness-Detection-main\Liveness-Detection-main\Model (Using Dataset 600 Images)\model.h5 camera=0 timeout=60 show_window=True
2025-12-01 21:31:20,683 [INFO] Loading CNN liveliness model from: E:\Liveness-Detection-main\Liveness-Detection-main\Model (Using Dataset 600 Images)\model.h5
2025-12-01 21:31:21,058 [WARNING] Compiled the loaded model, but the compiled metrics have yet to be built. `model.compile_metrics` will be empty until you train or evaluate the model.
2025-12-01 21:31:21,069 [WARNING] Error in loading the saved optimizer state. As a result, your model is starting with a freshly initialized optimizer.
2025-12-01 21:31:21,069 [INFO] Model loaded.
2025-12-01 21:31:21,502 [INFO] CNN warmup done.
2025-12-01 21:31:21,506 [INFO] Preloading DeepFace Facenet model...
2025-12-01 21:31:21,508 [INFO] DeepFace preloaded.
2025-12-01 21:31:21,511 [INFO] Embedding worker started.
2025-12-01 21:31:23,691 [INFO] Starting capture loop on camera 0
2025-12-01 21:31:30,071 [INFO] Stabilization complete — sequence: ['BLINK', 'TURN_LEFT', 'TURN_RIGHT', 'SMILE', 'SAY_HELLO', 'DONE'] (nonce=68db9200260e2d66)
2025-12-01 21:31:30,434 [INFO] Say 'HELLO' challenge confirmed.
2025-12-01 21:31:30,864 [INFO] Smile challenge confirmed.
2025-12-01 21:31:31,326 [INFO] Turn-right challenge confirmed.
2025-12-01 21:31:39,035 [INFO] Turn-left challenge confirmed.
2025-12-01 21:31:44,932 [INFO] Blink challenge confirmed.
2025-12-01 21:31:44,933 [INFO] FINAL VERDICT: Live Verified
2025-12-01 21:31:46,860 [INFO] Saved live image: live_captures\live_20251201_160145.jpg
2025-12-01 21:31:46,862 [INFO] Saved template embedding: embeddings\embed_20251201_160145.npy
2025-12-01 21:31:46,862 [INFO] Saved metadata: embeddings\meta_20251201_160145.json
2025-12-01 21:31:46,863 [INFO] Embedding SHA256 (salted): 356bd4e6ca48b9e1afd9531c3b371e072ab5df3d3fbb55a4fa19f33aa248b930
2025-12-01 21:31:46,908 [INFO] Stopping capture loop due to final verdict.
2025-12-01 21:31:47,277 [INFO] Capture loop stopped.
2025-12-01 21:31:47,281 [INFO] Shutdown requested.
2025-12-01 21:31:47,301 [INFO] [embed-worker] Exiting.
2025-12-01 21:31:47,307 [INFO] Shutdown complete.
2025-12-01 21:48:38,976 [INFO] Incoming request: start-liveness model=E:\Liveness-Detection-main\Liveness-Detection-main\Model (Using Dataset 600 Images)\model.h5 camera=0 timeout=60 show_window=True
2025-12-01 21:48:38,976 [INFO] Loading CNN liveliness model from: E:\Liveness-Detection-main\Liveness-Detection-main\Model (Using Dataset 600 Images)\model.h5
2025-12-01 21:48:39,485 [WARNING] Compiled the loaded model, but the compiled metrics have yet to be built. `model.compile_metrics` will be empty until you train or evaluate the model.
2025-12-01 21:48:39,517 [WARNING] Error in loading the saved optimizer state. As a result, your model is starting with a freshly initialized optimizer.
2025-12-01 21:48:39,519 [INFO] Model loaded.
2025-12-01 21:48:40,024 [INFO] CNN warmup done.
2025-12-01 21:48:40,029 [INFO] Preloading DeepFace Facenet model...
2025-12-01 21:48:40,029 [INFO] DeepFace preloaded.
2025-12-01 21:48:40,033 [INFO] Embedding worker started.
2025-12-01 21:48:42,340 [INFO] Starting capture loop on camera 0
2025-12-01 21:48:47,499 [INFO] Stabilization complete — sequence: ['BLINK', 'TURN_LEFT', 'TURN_RIGHT', 'SMILE', 'SAY_HELLO', 'DONE'] (nonce=5bd06d48c8f1673f)
2025-12-01 21:48:47,820 [INFO] Say 'HELLO' challenge confirmed.
2025-12-01 21:48:48,230 [INFO] Smile challenge confirmed.
2025-12-01 21:48:50,330 [INFO] Turn-right challenge confirmed.
2025-12-01 21:49:00,320 [INFO] Turn-left challenge confirmed.
2025-12-01 21:49:04,588 [INFO] Blink challenge confirmed.
2025-12-01 21:49:04,588 [INFO] FINAL VERDICT: Live Verified
2025-12-01 21:49:11,087 [INFO] Saved live image: live_captures\live_20251201_161904.jpg
2025-12-01 21:49:11,089 [INFO] Saved template embedding: embeddings\embed_20251201_161904.npy
2025-12-01 21:49:11,089 [INFO] Saved metadata: embeddings\meta_20251201_161904.json
2025-12-01 21:49:11,089 [INFO] Embedding SHA256 (salted): 2d666285631200d8f3d1cf7f210ffe3f4ec00f310a6aff905e95dc6c4308fc20
2025-12-01 21:49:11,141 [INFO] Stopping capture loop due to final verdict.
2025-12-01 21:49:11,489 [INFO] [embed-worker] Exiting.
2025-12-01 21:49:11,555 [INFO] Capture loop stopped.
2025-12-01 21:49:11,558 [INFO] Shutdown requested.
2025-12-01 21:49:11,559 [INFO] Shutdown complete.
2025-12-01 21:54:58,195 [INFO] Incoming request: start-liveness model=E:\Liveness-Detection-main\Liveness-Detection-main\Model (Using Dataset 600 Images)\model.h5 camera=0 timeout=60 show_window=True
2025-12-01 21:54:58,197 [INFO] Loading CNN liveliness model from: E:\Liveness-Detection-main\Liveness-Detection-main\Model (Using Dataset 600 Images)\model.h5
2025-12-01 21:54:58,592 [WARNING] Compiled the loaded model, but the compiled metrics have yet to be built. `model.compile_metrics` will be empty until you train or evaluate the model.
2025-12-01 21:54:58,611 [WARNING] Error in loading the saved optimizer state. As a result, your model is starting with a freshly initialized optimizer.
2025-12-01 21:54:58,611 [INFO] Model loaded.
2025-12-01 21:54:59,068 [INFO] CNN warmup done.
2025-12-01 21:54:59,068 [INFO] Preloading DeepFace Facenet model...
2025-12-01 21:54:59,068 [INFO] DeepFace preloaded.
2025-12-01 21:54:59,068 [INFO] Embedding worker started.
2025-12-01 21:55:01,155 [INFO] Starting capture loop on camera 0
2025-12-01 21:55:06,831 [INFO] Stabilization complete — sequence: ['BLINK', 'TURN_LEFT', 'TURN_RIGHT', 'SMILE', 'SAY_HELLO', 'DONE'] (nonce=27b4afd58dae272c)
2025-12-01 21:55:07,099 [INFO] Say 'HELLO' challenge confirmed.
2025-12-01 21:55:07,650 [INFO] Smile challenge confirmed.
2025-12-01 21:55:08,874 [INFO] Turn-right challenge confirmed.
2025-12-01 21:55:09,064 [INFO] Blink challenge confirmed.
2025-12-01 21:55:16,156 [INFO] Turn-left challenge confirmed.
2025-12-01 21:55:16,156 [INFO] FINAL VERDICT: Live Verified
2025-12-01 21:55:25,328 [INFO] Saved live image: live_captures\live_20251201_162516.jpg
2025-12-01 21:55:25,328 [INFO] Saved template embedding: embeddings\embed_20251201_162516.npy
2025-12-01 21:55:25,330 [INFO] Saved metadata: embeddings\meta_20251201_162516.json
2025-12-01 21:55:25,330 [INFO] Embedding SHA256 (salted): de26104bdce47311a3125acca5f7b84334506431815644eb158d4ad96796f19e
2025-12-01 21:55:25,368 [INFO] Stopping capture loop due to final verdict.
2025-12-01 21:55:25,454 [INFO] [embed-worker] Exiting.
2025-12-01 21:55:25,779 [INFO] Capture loop stopped.
2025-12-01 21:55:25,782 [INFO] Shutdown requested.
2025-12-01 21:55:25,784 [INFO] Shutdown complete.
2025-12-02 14:59:16,586 [INFO] Incoming request: start-liveness model=E:\Liveness-Detection-main\Liveness-Detection-main\Model (Using Dataset 600 Images)\model.h5 camera=0 timeout=60 show_window=True
2025-12-02 14:59:16,610 [INFO] Loading CNN liveliness model from: E:\Liveness-Detection-main\Liveness-Detection-main\Model (Using Dataset 600 Images)\model.h5
2025-12-02 14:59:18,142 [WARNING] Compiled the loaded model, but the compiled metrics have yet to be built. `model.compile_metrics` will be empty until you train or evaluate the model.
2025-12-02 14:59:18,181 [WARNING] Error in loading the saved optimizer state. As a result, your model is starting with a freshly initialized optimizer.
2025-12-02 14:59:18,190 [INFO] Model loaded.
2025-12-02 14:59:19,919 [INFO] CNN warmup done.
2025-12-02 14:59:19,921 [INFO] Preloading DeepFace Facenet model...
2025-12-02 14:59:19,927 [INFO] DeepFace preloaded.
2025-12-02 14:59:19,934 [INFO] Embedding worker started.
2025-12-02 14:59:23,583 [INFO] Starting capture loop on camera 0
2025-12-02 14:59:29,361 [INFO] Stabilization complete — sequence: ['BLINK', 'TURN_LEFT', 'TURN_RIGHT', 'SMILE', 'SAY_HELLO', 'DONE'] (nonce=14fce385b72aa21b)
2025-12-02 14:59:29,953 [INFO] Say 'HELLO' challenge confirmed.
2025-12-02 14:59:30,761 [INFO] Smile challenge confirmed.
2025-12-02 14:59:31,491 [INFO] Turn-left challenge confirmed.
2025-12-02 14:59:35,088 [INFO] Turn-right challenge confirmed.
2025-12-02 14:59:45,541 [INFO] Blink challenge confirmed.
2025-12-02 14:59:45,543 [INFO] FINAL VERDICT: Live Verified
2025-12-02 14:59:52,601 [INFO] Saved live image: live_captures\live_20251202_092945.jpg
2025-12-02 14:59:52,601 [INFO] Saved template embedding: embeddings\embed_20251202_092945.npy
2025-12-02 14:59:52,601 [INFO] Saved metadata: embeddings\meta_20251202_092945.json
2025-12-02 14:59:52,601 [INFO] Embedding SHA256 (salted): 1e4891aafca0761627301c9c9108632944220efee1821302a84f12ab68c667e7
2025-12-02 14:59:52,656 [INFO] Stopping capture loop due to final verdict.
2025-12-02 14:59:52,910 [INFO] [embed-worker] Exiting.
2025-12-02 14:59:53,126 [INFO] Capture loop stopped.
2025-12-02 14:59:53,131 [INFO] Shutdown requested.
2025-12-02 14:59:53,131 [INFO] Shutdown complete.
2025-12-02 15:13:23,820 [INFO] Incoming request: start-liveness model=E:\Liveness-Detection-main\Liveness-Detection-main\Model (Using Dataset 600 Images)\model.h5 camera=0 timeout=60 show_window=True
2025-12-02 15:13:23,840 [INFO] Loading CNN liveliness model from: E:\Liveness-Detection-main\Liveness-Detection-main\Model (Using Dataset 600 Images)\model.h5
2025-12-02 15:13:24,826 [WARNING] Compiled the loaded model, but the compiled metrics have yet to be built. `model.compile_metrics` will be empty until you train or evaluate the model.
2025-12-02 15:13:24,862 [WARNING] Error in loading the saved optimizer state. As a result, your model is starting with a freshly initialized optimizer.
2025-12-02 15:13:24,869 [INFO] Model loaded.
2025-12-02 15:13:25,804 [INFO] CNN warmup done.
2025-12-02 15:13:25,805 [INFO] Preloading DeepFace Facenet model...
2025-12-02 15:13:25,809 [INFO] DeepFace preloaded.
2025-12-02 15:13:25,816 [INFO] Embedding worker started.
2025-12-02 15:13:29,181 [INFO] Starting capture loop on camera 0
2025-12-02 15:13:33,489 [INFO] Stabilization complete — sequence: ['BLINK', 'TURN_LEFT', 'TURN_RIGHT', 'SMILE', 'SAY_HELLO', 'DONE'] (nonce=55e1c81e769134b1)
2025-12-02 15:13:34,147 [INFO] Say 'HELLO' challenge confirmed.
2025-12-02 15:13:35,519 [INFO] Blink challenge confirmed.
2025-12-02 15:13:35,519 [INFO] Smile challenge confirmed.
2025-12-02 15:13:36,847 [INFO] Turn-right challenge confirmed.
2025-12-02 15:13:42,614 [INFO] Stabilization complete — sequence: ['BLINK', 'TURN_LEFT', 'TURN_RIGHT', 'SMILE', 'SAY_HELLO', 'DONE'] (nonce=0d9f35ee1a70b116)
2025-12-02 15:13:54,633 [INFO] Turn-left challenge confirmed.
2025-12-02 15:13:54,633 [WARNING] Not enough frontal aligned captures (0)
2025-12-02 15:13:58,680 [INFO] Stabilization complete — sequence: ['BLINK', 'TURN_LEFT', 'TURN_RIGHT', 'SMILE', 'SAY_HELLO', 'DONE'] (nonce=f2205f157c4d3e1a)
2025-12-02 15:13:58,924 [WARNING] Not enough frontal aligned captures (0)
2025-12-02 15:14:07,242 [INFO] Stabilization complete — sequence: ['BLINK', 'TURN_LEFT', 'TURN_RIGHT', 'SMILE', 'SAY_HELLO', 'DONE'] (nonce=2559a691e84278be)
2025-12-02 15:14:07,665 [INFO] Say 'HELLO' challenge confirmed.
2025-12-02 15:14:08,316 [INFO] Smile challenge confirmed.
2025-12-02 15:14:12,656 [INFO] Turn-right challenge confirmed.
2025-12-02 15:14:17,738 [INFO] Turn-left challenge confirmed.
2025-12-02 15:14:25,571 [INFO] Blink challenge confirmed.
2025-12-02 15:14:25,571 [INFO] FINAL VERDICT: Live Verified
2025-12-02 15:14:39,621 [INFO] Saved live image: live_captures\live_20251202_094425.jpg
2025-12-02 15:14:39,621 [INFO] Saved template embedding: embeddings\embed_20251202_094425.npy
2025-12-02 15:14:39,623 [INFO] Saved metadata: embeddings\meta_20251202_094425.json
2025-12-02 15:14:39,623 [INFO] Embedding SHA256 (salted): 1640be2f1fa5c9d226b99e2e24d157d96d915b386595bb2098eb34c18624698f
2025-12-02 15:14:39,677 [INFO] Stopping capture loop due to final verdict.
2025-12-02 15:14:39,730 [INFO] [embed-worker] Exiting.
2025-12-02 15:14:40,101 [INFO] Capture loop stopped.
2025-12-02 15:14:40,101 [INFO] Shutdown requested.
2025-12-02 15:14:40,101 [INFO] Shutdown complete.
2025-12-02 15:47:21,248 [INFO] Incoming request: start-liveness model=E:\Liveness-Detection-main\Liveness-Detection-main\Model (Using Dataset 600 Images)\model.h5 camera=0 timeout=60 show_window=True
2025-12-02 15:47:21,248 [INFO] Loading CNN liveliness model from: E:\Liveness-Detection-main\Liveness-Detection-main\Model (Using Dataset 600 Images)\model.h5
2025-12-02 15:47:21,426 [WARNING] Compiled the loaded model, but the compiled metrics have yet to be built. `model.compile_metrics` will be empty until you train or evaluate the model.
2025-12-02 15:47:21,442 [WARNING] Error in loading the saved optimizer state. As a result, your model is starting with a freshly initialized optimizer.
2025-12-02 15:47:21,442 [INFO] Model loaded.
2025-12-02 15:47:21,625 [INFO] CNN warmup done.
2025-12-02 15:47:21,625 [INFO] Preloading DeepFace Facenet model...
2025-12-02 15:47:21,625 [INFO] DeepFace preloaded.
2025-12-02 15:47:21,625 [INFO] Embedding worker started.
2025-12-02 15:47:22,839 [INFO] Starting capture loop on camera 0
2025-12-02 15:47:27,145 [INFO] Stabilization complete — sequence: ['BLINK', 'TURN_LEFT', 'TURN_RIGHT', 'SMILE', 'SAY_HELLO', 'DONE'] (nonce=a75e50827a97ff21)
2025-12-02 15:47:27,373 [INFO] Say 'HELLO' challenge confirmed.
2025-12-02 15:47:27,697 [INFO] Smile challenge confirmed.
2025-12-02 15:47:28,023 [INFO] Turn-right challenge confirmed.
2025-12-02 15:47:31,897 [INFO] Blink challenge confirmed.
2025-12-02 15:47:35,101 [INFO] Turn-left challenge confirmed.
2025-12-02 15:47:35,101 [INFO] FINAL VERDICT: Live Verified
2025-12-02 15:47:38,053 [INFO] Saved live image: live_captures\live_20251202_101735.jpg
2025-12-02 15:47:38,053 [INFO] Saved template embedding: embeddings\embed_20251202_101735.npy
2025-12-02 15:47:38,053 [INFO] Saved metadata: embeddings\meta_20251202_101735.json
2025-12-02 15:47:38,053 [INFO] Embedding SHA256 (salted): 3f1254df7ac6b0b1a81c356f14528a58cf1fd865dba6dcd511cd03dd324f2e00
2025-12-02 15:47:38,085 [INFO] Stopping capture loop due to final verdict.
2025-12-02 15:47:38,353 [INFO] [embed-worker] Exiting.
2025-12-02 15:47:38,450 [INFO] Capture loop stopped.
2025-12-02 15:47:38,450 [INFO] Shutdown requested.
2025-12-02 15:47:38,450 [INFO] Shutdown complete.
