2025-12-06 12:25:28,410 [INFO] Starting Liveness service on 0.0.0.0:7700
2025-12-06 12:25:33,641 [INFO] Incoming request: start-liveness model=E:\Liveness-Detection-main\Liveness-Detection-main\Model (Using Dataset 600 Images)\model.h5 camera=0 timeout=60 show_window=True
2025-12-06 12:25:33,642 [INFO] Loading CNN liveliness model from: E:\Liveness-Detection-main\Liveness-Detection-main\Model (Using Dataset 600 Images)\model.h5
2025-12-06 12:25:33,974 [WARNING] Compiled the loaded model, but the compiled metrics have yet to be built. `model.compile_metrics` will be empty until you train or evaluate the model.
2025-12-06 12:25:33,974 [WARNING] Error in loading the saved optimizer state. As a result, your model is starting with a freshly initialized optimizer.
2025-12-06 12:25:33,982 [INFO] Model loaded.
2025-12-06 12:25:34,282 [INFO] CNN warmup done.
2025-12-06 12:25:34,283 [INFO] Preloading DeepFace Facenet model...
2025-12-06 12:25:37,367 [INFO] DeepFace preloaded.
2025-12-06 12:25:37,367 [INFO] Embedding worker started.
2025-12-06 12:25:38,924 [INFO] Starting capture loop on camera 0
2025-12-06 12:25:43,195 [INFO] Stabilization complete — sequence: ['BLINK', 'TURN_LEFT', 'TURN_RIGHT', 'SMILE', 'SAY_HELLO', 'DONE'] (nonce=41f07685470bfbee)
2025-12-06 12:25:43,517 [INFO] Say 'HELLO' challenge confirmed.
2025-12-06 12:25:44,087 [INFO] Smile challenge confirmed.
2025-12-06 12:25:45,871 [INFO] Turn-right challenge confirmed.
2025-12-06 12:25:52,472 [INFO] Turn-left challenge confirmed.
2025-12-06 12:26:05,583 [INFO] Blink challenge confirmed.
2025-12-06 12:26:05,583 [INFO] FINAL VERDICT: Live Verified
2025-12-06 12:26:07,927 [INFO] Saved live image: live_captures\live_20251206_065605.jpg
2025-12-06 12:26:07,927 [INFO] Saved template embedding: embeddings\embed_20251206_065605.npy
2025-12-06 12:26:07,927 [INFO] Saved metadata: embeddings\meta_20251206_065605.json
2025-12-06 12:26:07,927 [INFO] Embedding SHA256 (salted): 8f20d3ea7668bf7302c19f21620dab49a212a88ad798cd6468900b44a122359a
2025-12-06 12:26:07,981 [INFO] Stopping capture loop due to final verdict.
2025-12-06 12:26:08,367 [INFO] [embed-worker] Exiting.
2025-12-06 12:26:08,371 [INFO] Capture loop stopped.
2025-12-06 12:26:08,371 [INFO] Shutdown requested.
2025-12-06 12:26:08,376 [INFO] Shutdown complete.
