2025-11-25 10:07:23,536 [INFO] Starting Liveness service on 0.0.0.0:7700
2025-11-25 10:07:38,452 [INFO] Incoming request: start-liveness model=E:\Liveness-Detection-main\Liveness-Detection-main\Model (Using Dataset 600 Images)\model.h5 camera=0 timeout=60 show_window=True
2025-11-25 10:07:38,452 [INFO] Loading CNN liveliness model from: E:\Liveness-Detection-main\Liveness-Detection-main\Model (Using Dataset 600 Images)\model.h5
2025-11-25 10:07:38,784 [WARNING] Compiled the loaded model, but the compiled metrics have yet to be built. `model.compile_metrics` will be empty until you train or evaluate the model.
2025-11-25 10:07:38,806 [WARNING] Error in loading the saved optimizer state. As a result, your model is starting with a freshly initialized optimizer.
2025-11-25 10:07:38,810 [INFO] Model loaded.
2025-11-25 10:07:39,129 [INFO] CNN warmup done.
2025-11-25 10:07:39,129 [INFO] Preloading DeepFace Facenet model...
2025-11-25 10:07:42,968 [INFO] DeepFace preloaded.
2025-11-25 10:07:42,968 [INFO] Embedding worker started.
2025-11-25 10:07:45,079 [INFO] Starting capture loop on camera 0
2025-11-25 10:07:49,459 [INFO] Stabilization complete — sequence: ['BLINK', 'TURN_LEFT', 'TURN_RIGHT', 'SMILE', 'SAY_HELLO', 'DONE'] (nonce=4f9ff470067ee1ec)
2025-11-25 10:07:50,335 [INFO] Blink challenge confirmed.
2025-11-25 10:07:50,529 [INFO] Smile challenge confirmed.
2025-11-25 10:07:51,073 [INFO] Turn-right challenge confirmed.
2025-11-25 10:07:51,597 [INFO] Say 'HELLO' challenge confirmed.
2025-11-25 10:07:58,668 [INFO] Turn-left challenge confirmed.
2025-11-25 10:07:58,668 [INFO] FINAL VERDICT: Live Verified
2025-11-25 10:08:02,230 [INFO] Saved live image: live_captures\live_20251125_043758.jpg
2025-11-25 10:08:02,230 [INFO] Saved template embedding: embeddings\embed_20251125_043758.npy
2025-11-25 10:08:02,230 [INFO] Saved metadata: embeddings\meta_20251125_043758.json
2025-11-25 10:08:02,230 [INFO] Embedding SHA256 (salted): 6504d079cf5cb770a8529a0b0ac2ccf4379216efca800266273a29e1ae04138b
2025-11-25 10:08:02,265 [INFO] Stopping capture loop due to final verdict.
2025-11-25 10:08:02,677 [INFO] Capture loop stopped.
2025-11-25 10:08:02,681 [INFO] Shutdown requested.
2025-11-25 10:08:02,776 [INFO] [embed-worker] Exiting.
2025-11-25 10:08:02,776 [INFO] Shutdown complete.
