2025-11-23 02:30:13,565 [INFO] Loading CNN liveliness model from: E:\Liveness-Detection-main\Liveness-Detection-main\Model (Using Dataset 600 Images)\model.h5
2025-11-23 02:30:13,779 [WARNING] Compiled the loaded model, but the compiled metrics have yet to be built. `model.compile_metrics` will be empty until you train or evaluate the model.
2025-11-23 02:30:13,779 [WARNING] Error in loading the saved optimizer state. As a result, your model is starting with a freshly initialized optimizer.
2025-11-23 02:30:13,783 [INFO] Model loaded.
2025-11-23 02:30:13,977 [INFO] CNN warmup done.
2025-11-23 02:30:13,977 [INFO] Preloading DeepFace Facenet model...
2025-11-23 02:30:15,579 [INFO] DeepFace preloaded.
2025-11-23 02:30:15,579 [INFO] Embedding worker started.
2025-11-23 02:30:16,503 [INFO] Starting capture loop on camera 0
2025-11-23 02:30:19,067 [INFO] Stabilization complete — sequence: ['TURN_RIGHT', 'TURN_LEFT', 'SAY_HELLO', 'BLINK', 'SMILE', 'DONE'] (nonce=159c5b1f58e89320)
2025-11-23 02:30:19,927 [INFO] Smile challenge confirmed.
2025-11-23 02:30:20,390 [INFO] Say 'HELLO' challenge confirmed.
2025-11-23 02:30:26,346 [INFO] Signal received 2. Shutting down.
2025-11-23 02:30:26,346 [INFO] Shutdown requested.
2025-11-23 02:30:26,796 [INFO] [embed-worker] Exiting.
2025-11-23 02:30:26,796 [INFO] Signal received 2. Shutting down.
2025-11-23 02:30:26,797 [INFO] Shutdown requested.
2025-11-23 02:30:30,007 [INFO] Shutdown complete.
2025-11-23 02:30:30,023 [INFO] Shutdown complete.
2025-11-23 02:30:30,178 [INFO] Capture loop stopped.
2025-11-23 02:30:30,180 [INFO] Shutdown requested.
2025-11-23 02:30:30,181 [INFO] Shutdown complete.
