2025-11-23 00:01:19,777 [INFO] Loading CNN liveliness model from: E:\Liveness-Detection-main\Liveness-Detection-main\Model (Using Dataset 600 Images)\model.h5
2025-11-23 00:01:20,233 [WARNING] Compiled the loaded model, but the compiled metrics have yet to be built. `model.compile_metrics` will be empty until you train or evaluate the model.
2025-11-23 00:01:20,242 [WARNING] Error in loading the saved optimizer state. As a result, your model is starting with a freshly initialized optimizer.
2025-11-23 00:01:20,247 [INFO] Model loaded.
2025-11-23 00:01:20,568 [INFO] CNN warmup done.
2025-11-23 00:01:20,568 [INFO] Preloading DeepFace Facenet model...
2025-11-23 00:01:25,424 [INFO] DeepFace preloaded.
2025-11-23 00:01:25,424 [INFO] Embedding worker started.
2025-11-23 00:01:27,019 [INFO] Starting capture loop on camera 0
2025-11-23 00:01:29,573 [INFO] Stabilization complete — sequence: ['BLINK', 'TURN_LEFT', 'TURN_RIGHT', 'SAY_HELLO', 'SMILE', 'DONE'] (nonce=4d637dfd2f9447bc)
2025-11-23 00:01:30,001 [INFO] Say 'HELLO' challenge confirmed.
2025-11-23 00:01:30,390 [INFO] Smile challenge confirmed.
2025-11-23 00:01:30,613 [INFO] Turn-right challenge confirmed.
2025-11-23 00:01:39,552 [INFO] Turn-left challenge confirmed.
2025-11-23 00:01:45,159 [INFO] Blink challenge confirmed.
2025-11-23 00:01:45,159 [INFO] Final Verdict: Live Verified (avg_live=1.000, progress=100%, z_mean=0.005220, peak_live=1.000, aligned=6)
2025-11-23 00:01:45,159 [INFO] Scheduled embedding task.
2025-11-23 00:01:45,159 [INFO] [embed-worker] Creating embedding (verdict=Live Verified, frames=6)
2025-11-23 00:01:48,082 [INFO] Restarting detection (post-verdict)
2025-11-23 00:01:50,598 [INFO] Stabilization complete — sequence: ['SMILE', 'SAY_HELLO', 'TURN_RIGHT', 'TURN_LEFT', 'BLINK', 'DONE'] (nonce=3e31fe0d064e8875)
2025-11-23 00:01:50,971 [INFO] Say 'HELLO' challenge confirmed.
2025-11-23 00:01:51,402 [INFO] Saved live image: live_captures\live_20251122_183145.jpg
2025-11-23 00:01:51,402 [INFO] Saved template embedding: embeddings\embed_20251122_183145.npy
2025-11-23 00:01:51,402 [INFO] Saved metadata: embeddings\meta_20251122_183145.json
2025-11-23 00:01:51,402 [INFO] Embedding SHA256 (salted): 1b90a0f14518f2f2e86ae81133368a65a0b879de66684348c57824f0f01dc98b
2025-11-23 00:01:51,402 [INFO] [embed-worker] Embedding saved: embeddings\embed_20251122_183145.npy
2025-11-23 00:01:51,660 [INFO] Smile challenge confirmed.
2025-11-23 00:01:52,322 [INFO] Blink challenge confirmed.
2025-11-23 00:01:53,462 [INFO] Turn-right challenge confirmed.
2025-11-23 00:02:03,797 [INFO] Turn-left challenge confirmed.
2025-11-23 00:02:03,797 [WARNING] Not enough frontal aligned captures (0)
2025-11-23 00:02:06,206 [INFO] Stabilization complete — sequence: ['TURN_LEFT', 'SMILE', 'BLINK', 'TURN_RIGHT', 'SAY_HELLO', 'DONE'] (nonce=5ea27b389a653de2)
2025-11-23 00:02:06,365 [WARNING] Not enough frontal aligned captures (0)
2025-11-23 00:02:08,764 [INFO] Stabilization complete — sequence: ['TURN_LEFT', 'SAY_HELLO', 'SMILE', 'TURN_RIGHT', 'BLINK', 'DONE'] (nonce=ea4985900ec2e85b)
2025-11-23 00:02:08,916 [WARNING] Not enough frontal aligned captures (0)
2025-11-23 00:02:11,300 [INFO] Stabilization complete — sequence: ['SMILE', 'TURN_LEFT', 'SAY_HELLO', 'BLINK', 'TURN_RIGHT', 'DONE'] (nonce=1cd8158aad9e7c29)
2025-11-23 00:02:11,418 [WARNING] Not enough frontal aligned captures (0)
2025-11-23 00:02:13,876 [INFO] Stabilization complete — sequence: ['SMILE', 'TURN_RIGHT', 'SAY_HELLO', 'TURN_LEFT', 'BLINK', 'DONE'] (nonce=dd560015d442847f)
2025-11-23 00:02:14,039 [WARNING] Not enough frontal aligned captures (0)
2025-11-23 00:02:16,419 [INFO] Stabilization complete — sequence: ['BLINK', 'TURN_LEFT', 'SAY_HELLO', 'TURN_RIGHT', 'SMILE', 'DONE'] (nonce=d6e6cda97ec2e800)
2025-11-23 00:02:16,571 [WARNING] Not enough frontal aligned captures (0)
2025-11-23 00:02:19,231 [INFO] Stabilization complete — sequence: ['SAY_HELLO', 'TURN_LEFT', 'BLINK', 'TURN_RIGHT', 'SMILE', 'DONE'] (nonce=ee6f2db86c7a9149)
2025-11-23 00:02:19,421 [WARNING] Not enough frontal aligned captures (0)
2025-11-23 00:02:21,797 [INFO] Stabilization complete — sequence: ['SMILE', 'BLINK', 'TURN_RIGHT', 'TURN_LEFT', 'SAY_HELLO', 'DONE'] (nonce=345e5a9848e3fa83)
2025-11-23 00:02:22,011 [WARNING] Not enough frontal aligned captures (0)
2025-11-23 00:02:24,354 [INFO] Stabilization complete — sequence: ['SAY_HELLO', 'BLINK', 'TURN_LEFT', 'TURN_RIGHT', 'SMILE', 'DONE'] (nonce=e4163ad73a0d35d7)
2025-11-23 00:02:24,662 [INFO] Final Verdict: Live Verified (avg_live=0.997, progress=100%, z_mean=0.006286, peak_live=1.000, aligned=1)
2025-11-23 00:02:24,664 [INFO] Scheduled embedding task.
2025-11-23 00:02:24,664 [INFO] [embed-worker] Creating embedding (verdict=Live Verified, frames=1)
2025-11-23 00:02:27,146 [INFO] Max runtime reached; exiting loop.
2025-11-23 00:02:27,414 [INFO] Saved live image: live_captures\live_20251122_183224.jpg
2025-11-23 00:02:27,414 [INFO] Saved template embedding: embeddings\embed_20251122_183224.npy
2025-11-23 00:02:27,415 [INFO] Saved metadata: embeddings\meta_20251122_183224.json
2025-11-23 00:02:27,416 [INFO] Embedding SHA256 (salted): 650b56f3e29447b2f14f4a64a495c2159ca11fe95366635fd758de2fe7d6bdcf
2025-11-23 00:02:27,417 [INFO] [embed-worker] Embedding saved: embeddings\embed_20251122_183224.npy
2025-11-23 00:02:28,354 [INFO] Capture loop stopped.
2025-11-23 00:02:28,355 [INFO] Shutdown requested.
2025-11-23 00:02:28,444 [INFO] [embed-worker] Exiting.
2025-11-23 00:02:28,446 [INFO] Shutdown complete.
2025-11-23 00:02:29,587 [ERROR] Task exception was never retrieved
future: <Task finished name='Task-6' coro=<RequestResponseCycle.run_asgi() done, defined at E:\Liveness-Detection-main\Liveness-Detection-main\liveness_venv\lib\site-packages\uvicorn\protocols\http\httptools_impl.py:407> exception=KeyboardInterrupt()>
Traceback (most recent call last):
  File "E:\Liveness-Detection-main\Liveness-Detection-main\liveness_venv\lib\site-packages\uvicorn\_compat.py", line 60, in asyncio_run
    return loop.run_until_complete(main)
  File "C:\Users\itzmk\AppData\Local\Programs\Python\Python310\lib\asyncio\base_events.py", line 636, in run_until_complete
    self.run_forever()
  File "C:\Users\itzmk\AppData\Local\Programs\Python\Python310\lib\asyncio\windows_events.py", line 321, in run_forever
    super().run_forever()
  File "C:\Users\itzmk\AppData\Local\Programs\Python\Python310\lib\asyncio\base_events.py", line 603, in run_forever
    self._run_once()
  File "C:\Users\itzmk\AppData\Local\Programs\Python\Python310\lib\asyncio\base_events.py", line 1909, in _run_once
    handle._run()
  File "C:\Users\itzmk\AppData\Local\Programs\Python\Python310\lib\asyncio\events.py", line 80, in _run
    self._context.run(self._callback, *self._args)
  File "E:\Liveness-Detection-main\Liveness-Detection-main\liveness_venv\lib\site-packages\uvicorn\server.py", line 70, in serve
    with self.capture_signals():
  File "C:\Users\itzmk\AppData\Local\Programs\Python\Python310\lib\contextlib.py", line 142, in __exit__
    next(self.gen)
  File "E:\Liveness-Detection-main\Liveness-Detection-main\liveness_venv\lib\site-packages\uvicorn\server.py", line 331, in capture_signals
    signal.raise_signal(captured_signal)
KeyboardInterrupt

During handling of the above exception, another exception occurred:

Traceback (most recent call last):
  File "E:\Liveness-Detection-main\Liveness-Detection-main\liveness_venv\lib\site-packages\uvicorn\protocols\http\httptools_impl.py", line 409, in run_asgi
    result = await app(  # type: ignore[func-returns-value]
  File "E:\Liveness-Detection-main\Liveness-Detection-main\liveness_venv\lib\site-packages\uvicorn\middleware\proxy_headers.py", line 60, in __call__
    return await self.app(scope, receive, send)
  File "E:\Liveness-Detection-main\Liveness-Detection-main\liveness_venv\lib\site-packages\fastapi\applications.py", line 1134, in __call__
    await super().__call__(scope, receive, send)
  File "E:\Liveness-Detection-main\Liveness-Detection-main\liveness_venv\lib\site-packages\starlette\applications.py", line 107, in __call__
    await self.middleware_stack(scope, receive, send)
  File "E:\Liveness-Detection-main\Liveness-Detection-main\liveness_venv\lib\site-packages\starlette\middleware\errors.py", line 164, in __call__
    await self.app(scope, receive, _send)
  File "E:\Liveness-Detection-main\Liveness-Detection-main\liveness_venv\lib\site-packages\starlette\middleware\exceptions.py", line 63, in __call__
    await wrap_app_handling_exceptions(self.app, conn)(scope, receive, send)
  File "E:\Liveness-Detection-main\Liveness-Detection-main\liveness_venv\lib\site-packages\starlette\_exception_handler.py", line 42, in wrapped_app
    await app(scope, receive, sender)
  File "E:\Liveness-Detection-main\Liveness-Detection-main\liveness_venv\lib\site-packages\fastapi\middleware\asyncexitstack.py", line 18, in __call__
    await self.app(scope, receive, send)
  File "E:\Liveness-Detection-main\Liveness-Detection-main\liveness_venv\lib\site-packages\starlette\routing.py", line 716, in __call__
    await self.middleware_stack(scope, receive, send)
  File "E:\Liveness-Detection-main\Liveness-Detection-main\liveness_venv\lib\site-packages\starlette\routing.py", line 736, in app
    await route.handle(scope, receive, send)
  File "E:\Liveness-Detection-main\Liveness-Detection-main\liveness_venv\lib\site-packages\starlette\routing.py", line 290, in handle
    await self.app(scope, receive, send)
  File "E:\Liveness-Detection-main\Liveness-Detection-main\liveness_venv\lib\site-packages\fastapi\routing.py", line 125, in app
    await wrap_app_handling_exceptions(app, request)(scope, receive, send)
  File "E:\Liveness-Detection-main\Liveness-Detection-main\liveness_venv\lib\site-packages\starlette\_exception_handler.py", line 42, in wrapped_app
    await app(scope, receive, sender)
  File "E:\Liveness-Detection-main\Liveness-Detection-main\liveness_venv\lib\site-packages\fastapi\routing.py", line 111, in app
    response = await f(request)
  File "E:\Liveness-Detection-main\Liveness-Detection-main\liveness_venv\lib\site-packages\fastapi\routing.py", line 391, in app
    raw_response = await run_endpoint_function(
  File "E:\Liveness-Detection-main\Liveness-Detection-main\liveness_venv\lib\site-packages\fastapi\routing.py", line 292, in run_endpoint_function
    return await run_in_threadpool(dependant.call, **values)
  File "E:\Liveness-Detection-main\Liveness-Detection-main\liveness_venv\lib\site-packages\starlette\concurrency.py", line 32, in run_in_threadpool
    return await anyio.to_thread.run_sync(func)
  File "E:\Liveness-Detection-main\Liveness-Detection-main\liveness_venv\lib\site-packages\anyio\to_thread.py", line 56, in run_sync
    return await get_async_backend().run_sync_in_worker_thread(
  File "E:\Liveness-Detection-main\Liveness-Detection-main\liveness_venv\lib\site-packages\anyio\_backends\_asyncio.py", line 2485, in run_sync_in_worker_thread
    return await future
asyncio.exceptions.CancelledError

During handling of the above exception, another exception occurred:

Traceback (most recent call last):
  File "E:\Liveness-Detection-main\Liveness-Detection-main\liveness_venv\lib\site-packages\uvicorn\main.py", line 593, in run
    server.run()
  File "E:\Liveness-Detection-main\Liveness-Detection-main\liveness_venv\lib\site-packages\uvicorn\server.py", line 67, in run
    return asyncio_run(self.serve(sockets=sockets), loop_factory=self.config.get_loop_factory())
  File "E:\Liveness-Detection-main\Liveness-Detection-main\liveness_venv\lib\site-packages\uvicorn\_compat.py", line 63, in asyncio_run
    _cancel_all_tasks(loop)
  File "E:\Liveness-Detection-main\Liveness-Detection-main\liveness_venv\lib\site-packages\uvicorn\_compat.py", line 79, in _cancel_all_tasks
    loop.run_until_complete(asyncio.gather(*to_cancel, return_exceptions=True))
  File "C:\Users\itzmk\AppData\Local\Programs\Python\Python310\lib\asyncio\base_events.py", line 636, in run_until_complete
    self.run_forever()
  File "C:\Users\itzmk\AppData\Local\Programs\Python\Python310\lib\asyncio\windows_events.py", line 321, in run_forever
    super().run_forever()
  File "C:\Users\itzmk\AppData\Local\Programs\Python\Python310\lib\asyncio\base_events.py", line 603, in run_forever
    self._run_once()
  File "C:\Users\itzmk\AppData\Local\Programs\Python\Python310\lib\asyncio\base_events.py", line 1909, in _run_once
    handle._run()
  File "C:\Users\itzmk\AppData\Local\Programs\Python\Python310\lib\asyncio\events.py", line 80, in _run
    self._context.run(self._callback, *self._args)
  File "E:\Liveness-Detection-main\Liveness-Detection-main\liveness_venv\lib\site-packages\uvicorn\protocols\http\httptools_impl.py", line 414, in run_asgi
    self.logger.error(msg, exc_info=exc)
  File "C:\Users\itzmk\AppData\Local\Programs\Python\Python310\lib\logging\__init__.py", line 1506, in error
    self._log(ERROR, msg, args, **kwargs)
  File "C:\Users\itzmk\AppData\Local\Programs\Python\Python310\lib\logging\__init__.py", line 1624, in _log
    self.handle(record)
  File "C:\Users\itzmk\AppData\Local\Programs\Python\Python310\lib\logging\__init__.py", line 1634, in handle
    self.callHandlers(record)
  File "C:\Users\itzmk\AppData\Local\Programs\Python\Python310\lib\logging\__init__.py", line 1696, in callHandlers
    hdlr.handle(record)
  File "C:\Users\itzmk\AppData\Local\Programs\Python\Python310\lib\logging\__init__.py", line 968, in handle
    self.emit(record)
  File "C:\Users\itzmk\AppData\Local\Programs\Python\Python310\lib\logging\__init__.py", line 1100, in emit
    msg = self.format(record)
  File "C:\Users\itzmk\AppData\Local\Programs\Python\Python310\lib\logging\__init__.py", line 943, in format
    return fmt.format(record)
  File "C:\Users\itzmk\AppData\Local\Programs\Python\Python310\lib\logging\__init__.py", line 686, in format
    record.exc_text = self.formatException(record.exc_info)
  File "C:\Users\itzmk\AppData\Local\Programs\Python\Python310\lib\logging\__init__.py", line 636, in formatException
    traceback.print_exception(ei[0], ei[1], tb, None, sio)
  File "C:\Users\itzmk\AppData\Local\Programs\Python\Python310\lib\traceback.py", line 119, in print_exception
    te = TracebackException(type(value), value, tb, limit=limit, compact=True)
  File "E:\Liveness-Detection-main\Liveness-Detection-main\liveness_venv\lib\site-packages\exceptiongroup\_formatting.py", line 96, in __init__
    self.stack = traceback.StackSummary.extract(
  File "C:\Users\itzmk\AppData\Local\Programs\Python\Python310\lib\traceback.py", line 383, in extract
    f.line
  File "C:\Users\itzmk\AppData\Local\Programs\Python\Python310\lib\traceback.py", line 306, in line
    self._line = linecache.getline(self.filename, self.lineno)
  File "C:\Users\itzmk\AppData\Local\Programs\Python\Python310\lib\linecache.py", line 30, in getline
    lines = getlines(filename, module_globals)
  File "C:\Users\itzmk\AppData\Local\Programs\Python\Python310\lib\linecache.py", line 46, in getlines
    return updatecache(filename, module_globals)
  File "C:\Users\itzmk\AppData\Local\Programs\Python\Python310\lib\linecache.py", line 136, in updatecache
    with tokenize.open(fullname) as fp:
  File "C:\Users\itzmk\AppData\Local\Programs\Python\Python310\lib\tokenize.py", line 394, in open
    buffer = _builtin_open(filename, 'rb')
KeyboardInterrupt
