2025-11-22 23:52:05,625 [INFO] Loading CNN liveliness model from: E:\Liveness-Detection-main\Liveness-Detection-main\Model (Using Dataset 600 Images)\model.h5
2025-11-22 23:52:06,490 [WARNING] Compiled the loaded model, but the compiled metrics have yet to be built. `model.compile_metrics` will be empty until you train or evaluate the model.
2025-11-22 23:52:06,511 [WARNING] Error in loading the saved optimizer state. As a result, your model is starting with a freshly initialized optimizer.
2025-11-22 23:52:06,514 [INFO] Model loaded.
2025-11-22 23:52:07,516 [INFO] CNN warmup done.
2025-11-22 23:52:07,517 [INFO] Preloading DeepFace Facenet model...
2025-11-22 23:52:15,200 [INFO] DeepFace preloaded.
2025-11-22 23:52:15,204 [INFO] Embedding worker started.
2025-11-22 23:52:18,776 [INFO] Starting capture loop on camera 0
2025-11-22 23:52:21,457 [INFO] Stabilization complete — sequence: ['BLINK', 'SMILE', 'SAY_HELLO', 'TURN_RIGHT', 'TURN_LEFT', 'DONE'] (nonce=4cff814489f42b13)
2025-11-22 23:52:22,411 [INFO] Smile challenge confirmed.
2025-11-22 23:52:22,770 [INFO] Say 'HELLO' challenge confirmed.
2025-11-22 23:52:25,876 [INFO] Turn-left challenge confirmed.
2025-11-22 23:52:28,348 [INFO] Turn-right challenge confirmed.
2025-11-22 23:52:45,963 [WARNING] Final Verdict (immediate DONE): Spoof Detected
2025-11-22 23:52:48,840 [INFO] Restarting detection (post-verdict)
2025-11-22 23:52:51,371 [INFO] Stabilization complete — sequence: ['TURN_LEFT', 'SMILE', 'TURN_RIGHT', 'BLINK', 'SAY_HELLO', 'DONE'] (nonce=3ddc182c8b8d15ca)
2025-11-22 23:52:52,819 [INFO] Smile challenge confirmed.
2025-11-22 23:52:54,222 [INFO] Turn-left challenge confirmed.
2025-11-22 23:52:54,784 [INFO] Say 'HELLO' challenge confirmed.
2025-11-22 23:52:56,654 [INFO] Turn-right challenge confirmed.
2025-11-22 23:53:18,790 [INFO] Max runtime reached; exiting loop.
2025-11-22 23:53:19,200 [INFO] Capture loop stopped.
2025-11-22 23:53:19,207 [INFO] Shutdown requested.
2025-11-22 23:53:19,673 [INFO] [embed-worker] Exiting.
2025-11-22 23:53:19,674 [INFO] Shutdown complete.
